\BOOKMARK [1][-]{section.1}{\376\377\000I\000d\000e\000n\000t\000i\000t\000a\000s\000\040\000M\000a\000t\000a\000\040\000K\000u\000l\000i\000a\000h}{}% 1
\BOOKMARK [1][-]{section.2}{\376\377\000D\000e\000s\000k\000r\000i\000p\000s\000i\000\040\000M\000a\000t\000a\000\040\000K\000u\000l\000i\000a\000h}{}% 2
\BOOKMARK [1][-]{section.3}{\376\377\000C\000a\000p\000a\000i\000a\000n\000\040\000P\000e\000m\000b\000e\000l\000a\000j\000a\000r\000a\000n\000\040\000L\000u\000l\000u\000s\000a\000n\000\040\000\050\000C\000P\000L\000\051\000\040\000y\000a\000n\000g\000\040\000R\000e\000l\000e\000v\000a\000n}{}% 3
\BOOKMARK [1][-]{section.4}{\376\377\000C\000a\000p\000a\000i\000a\000n\000\040\000P\000e\000m\000b\000e\000l\000a\000j\000a\000r\000a\000n\000\040\000M\000a\000t\000a\000\040\000K\000u\000l\000i\000a\000h\000\040\000\050\000C\000P\000M\000K\000\051}{}% 4
\BOOKMARK [1][-]{section.5}{\376\377\000S\000u\000b\000-\000C\000P\000M\000K\000\040\000d\000a\000n\000\040\000I\000n\000d\000i\000k\000a\000t\000o\000r\000\040\000K\000i\000n\000e\000r\000j\000a}{}% 5
\BOOKMARK [2][-]{subsection.5.1}{\376\377\000S\000u\000b\000-\000C\000P\000M\000K\000\040\0001\000:\000\040\000P\000r\000i\000n\000s\000i\000p\000\040\000D\000a\000s\000a\000r\000\040\000K\000r\000i\000p\000t\000o\000g\000r\000a\000f\000i}{section.5}% 6
\BOOKMARK [2][-]{subsection.5.2}{\376\377\000S\000u\000b\000-\000C\000P\000M\000K\000\040\0002\000:\000\040\000M\000a\000t\000e\000m\000a\000t\000i\000k\000a\000\040\000K\000r\000i\000p\000t\000o\000g\000r\000a\000f\000i}{section.5}% 7
\BOOKMARK [2][-]{subsection.5.3}{\376\377\000S\000u\000b\000-\000C\000P\000M\000K\000\040\0003\000:\000\040\000A\000l\000g\000o\000r\000i\000t\000m\000a\000\040\000K\000r\000i\000p\000t\000o\000g\000r\000a\000f\000i\000\040\000K\000l\000a\000s\000i\000k}{section.5}% 8
\BOOKMARK [2][-]{subsection.5.4}{\376\377\000S\000u\000b\000-\000C\000P\000M\000K\000\040\0004\000:\000\040\000A\000l\000g\000o\000r\000i\000t\000m\000a\000\040\000K\000r\000i\000p\000t\000o\000g\000r\000a\000f\000i\000\040\000M\000o\000d\000e\000r\000n}{section.5}% 9
\BOOKMARK [2][-]{subsection.5.5}{\376\377\000S\000u\000b\000-\000C\000P\000M\000K\000\040\0005\000:\000\040\000F\000u\000n\000g\000s\000i\000\040\000H\000a\000s\000h\000\040\000d\000a\000n\000\040\000T\000a\000n\000d\000a\000\040\000T\000a\000n\000g\000a\000n\000\040\000D\000i\000g\000i\000t\000a\000l}{section.5}% 10
\BOOKMARK [2][-]{subsection.5.6}{\376\377\000S\000u\000b\000-\000C\000P\000M\000K\000\040\0006\000:\000\040\000P\000r\000o\000t\000o\000k\000o\000l\000\040\000d\000a\000n\000\040\000M\000a\000n\000a\000j\000e\000m\000e\000n\000\040\000K\000u\000n\000c\000i}{section.5}% 11
\BOOKMARK [2][-]{subsection.5.7}{\376\377\000S\000u\000b\000-\000C\000P\000M\000K\000\040\0007\000:\000\040\000K\000r\000i\000p\000t\000a\000n\000a\000l\000i\000s\000i\000s}{section.5}% 12
\BOOKMARK [2][-]{subsection.5.8}{\376\377\000S\000u\000b\000-\000C\000P\000M\000K\000\040\0008\000:\000\040\000I\000m\000p\000l\000e\000m\000e\000n\000t\000a\000s\000i\000\040\000P\000e\000m\000r\000o\000g\000r\000a\000m\000a\000n}{section.5}% 13
\BOOKMARK [1][-]{section.6}{\376\377\000P\000e\000t\000a\000\040\000K\000e\000t\000e\000r\000k\000a\000i\000t\000a\000n\000\040\000C\000P\000M\000K\000\040\000t\000e\000r\000h\000a\000d\000a\000p\000\040\000C\000P\000L}{}% 14
\BOOKMARK [1][-]{section.7}{\376\377\000B\000a\000h\000a\000n\000\040\000K\000a\000j\000i\000a\000n\000\040\000d\000a\000n\000\040\000R\000e\000f\000e\000r\000e\000n\000s\000i\000\040\000U\000t\000a\000m\000a}{}% 15
\BOOKMARK [1][-]{section.8}{\376\377\000R\000e\000n\000c\000a\000n\000a\000\040\000P\000e\000m\000b\000e\000l\000a\000j\000a\000r\000a\000n\000\040\000S\000e\000m\000e\000s\000t\000e\000r\000\040\000\050\000R\000P\000S\000\051}{}% 16
\BOOKMARK [1][-]{section.9}{\376\377\000S\000t\000r\000a\000t\000e\000g\000i\000\040\000P\000e\000m\000b\000e\000l\000a\000j\000a\000r\000a\000n\000\040\000O\000B\000E}{}% 17
\BOOKMARK [2][-]{subsection.9.1}{\376\377\000P\000r\000o\000j\000e\000c\000t\000-\000B\000a\000s\000e\000d\000\040\000L\000e\000a\000r\000n\000i\000n\000g\000\040\000\050\000P\000B\000L\000\051}{section.9}% 18
\BOOKMARK [2][-]{subsection.9.2}{\376\377\000P\000r\000o\000b\000l\000e\000m\000-\000B\000a\000s\000e\000d\000\040\000L\000e\000a\000r\000n\000i\000n\000g}{section.9}% 19
\BOOKMARK [2][-]{subsection.9.3}{\376\377\000P\000r\000a\000k\000t\000i\000k\000u\000m\000/\000L\000a\000b\000o\000r\000a\000t\000o\000r\000i\000u\000m}{section.9}% 20
\BOOKMARK [1][-]{section.10}{\376\377\000M\000e\000t\000o\000d\000e\000\040\000P\000e\000n\000i\000l\000a\000i\000a\000n\000\040\000d\000a\000n\000\040\000R\000u\000b\000r\000i\000k}{}% 21
\BOOKMARK [2][-]{subsection.10.1}{\376\377\000K\000o\000m\000p\000o\000n\000e\000n\000\040\000P\000e\000n\000i\000l\000a\000i\000a\000n}{section.10}% 22
\BOOKMARK [2][-]{subsection.10.2}{\376\377\000R\000u\000b\000r\000i\000k\000\040\000P\000e\000n\000i\000l\000a\000i\000a\000n\000\040\000P\000r\000a\000k\000t\000i\000k\000u\000m\000\040\000\050\000S\000k\000a\000l\000a\000\040\0001\040\023\0004\000\051}{section.10}% 23
\BOOKMARK [2][-]{subsection.10.3}{\376\377\000R\000u\000b\000r\000i\000k\000\040\000P\000e\000n\000i\000l\000a\000i\000a\000n\000\040\000P\000r\000o\000y\000e\000k}{section.10}% 24
\BOOKMARK [1][-]{section.11}{\376\377\000D\000a\000f\000t\000a\000r\000\040\000T\000o\000p\000i\000k\000\040\000K\000r\000i\000p\000t\000o\000g\000r\000a\000f\000i}{}% 25
\BOOKMARK [1][-]{section.12}{\376\377\000C\000o\000n\000t\000o\000h\000\040\000T\000u\000g\000a\000s\000\040\000P\000r\000o\000y\000e\000k\000\040\000d\000a\000n\000\040\000S\000t\000u\000d\000i\000\040\000K\000a\000s\000u\000s}{}% 26
\BOOKMARK [2][-]{subsection.12.1}{\376\377\000T\000u\000g\000a\000s\000\040\000P\000r\000o\000y\000e\000k\000\040\0001\000:\000\040\000I\000m\000p\000l\000e\000m\000e\000n\000t\000a\000s\000i\000\040\000M\000u\000l\000t\000i\000-\000B\000a\000h\000a\000s\000a}{section.12}% 27
\BOOKMARK [2][-]{subsection.12.2}{\376\377\000T\000u\000g\000a\000s\000\040\000P\000r\000o\000y\000e\000k\000\040\0002\000:\000\040\000S\000i\000s\000t\000e\000m\000\040\000E\000n\000k\000r\000i\000p\000s\000i\000\040\000H\000i\000b\000r\000i\000d\000a}{section.12}% 28
\BOOKMARK [2][-]{subsection.12.3}{\376\377\000S\000t\000u\000d\000i\000\040\000K\000a\000s\000u\000s\000\040\0001\000:\000\040\000K\000e\000a\000m\000a\000n\000a\000n\000\040\000P\000e\000s\000a\000n\000\040\000I\000n\000s\000t\000a\000n}{section.12}% 29
\BOOKMARK [2][-]{subsection.12.4}{\376\377\000S\000t\000u\000d\000i\000\040\000K\000a\000s\000u\000s\000\040\0002\000:\000\040\000T\000a\000n\000d\000a\000\040\000T\000a\000n\000g\000a\000n\000\040\000D\000o\000k\000u\000m\000e\000n}{section.12}% 30
\BOOKMARK [1][-]{section.13}{\376\377\000C\000o\000n\000t\000o\000h\000\040\000K\000o\000d\000e\000\040\000K\000r\000i\000p\000t\000o\000g\000r\000a\000f\000i}{}% 31
\BOOKMARK [2][-]{subsection.13.1}{\376\377\000M\000A\000T\000L\000A\000B\000:\000\040\000C\000i\000p\000h\000e\000r\000\040\000C\000a\000e\000s\000a\000r}{section.13}% 32
\BOOKMARK [2][-]{subsection.13.2}{\376\377\000C\000:\000\040\000C\000i\000p\000h\000e\000r\000\040\000C\000a\000e\000s\000a\000r}{section.13}% 33
\BOOKMARK [2][-]{subsection.13.3}{\376\377\000C\000+\000+\000:\000\040\000C\000i\000p\000h\000e\000r\000\040\000C\000a\000e\000s\000a\000r}{section.13}% 34
\BOOKMARK [2][-]{subsection.13.4}{\376\377\000P\000a\000s\000c\000a\000l\000:\000\040\000C\000i\000p\000h\000e\000r\000\040\000C\000a\000e\000s\000a\000r}{section.13}% 35
\BOOKMARK [2][-]{subsection.13.5}{\376\377\000M\000A\000T\000L\000A\000B\000:\000\040\000A\000l\000g\000o\000r\000i\000t\000m\000a\000\040\000E\000u\000c\000l\000i\000d\000\040\000D\000i\000p\000e\000r\000l\000u\000a\000s}{section.13}% 36
\BOOKMARK [2][-]{subsection.13.6}{\376\377\000C\000:\000\040\000M\000o\000d\000u\000l\000a\000r\000\040\000E\000x\000p\000o\000n\000e\000n\000t\000i\000a\000t\000i\000o\000n\000\040\000\050\000F\000a\000s\000t\000\040\000P\000o\000w\000e\000r\000\051}{section.13}% 37
\BOOKMARK [1][-]{section.14}{\376\377\000D\000a\000f\000t\000a\000r\000\040\000R\000e\000f\000e\000r\000e\000n\000s\000i}{}% 38
\BOOKMARK [2][-]{subsection.14.1}{\376\377\000B\000u\000k\000u\000\040\000U\000t\000a\000m\000a}{section.14}% 39
\BOOKMARK [2][-]{subsection.14.2}{\376\377\000B\000u\000k\000u\000\040\000P\000e\000n\000d\000u\000k\000u\000n\000g}{section.14}% 40
\BOOKMARK [2][-]{subsection.14.3}{\376\377\000S\000u\000m\000b\000e\000r\000\040\000O\000n\000l\000i\000n\000e}{section.14}% 41
\BOOKMARK [1][-]{section.15}{\376\377\000P\000e\000n\000g\000e\000s\000a\000h\000a\000n}{}% 42
